sqlite> SELECT * FROM dogs
   ...> ;
1|Nala|5|true|1
2|Jimbo|10|false|2
3|James|3|true|1
sqlite>


sqlite> UPDATE dogs SET spayed_neutered="true" WHERE team_id=2;
sqlite> SELECT * FROM dogs
   ...> ;
1|Nala|5|true|1
2|Jimbo|10|true|2
3|James|3|true|1

sqlite> SELECT dogs.name, dogs.age, dogs.spayed_neutered, sled_teams.name FROM dogs JOIN sled_teams ON dogs.team_id = sled_teams.id;
Nala|5|true|The Iron Dogs
Jimbo|10|true|Marquette
James|3|true|The Iron Dogs
sqlite> 


sqlite> SELECT dogs.name, dogs.age FROM dogs;
Nala|5
Jimbo|10
James|3


sqlite> DELETE from dogs WHERE age=3;



SELECT dogs.name, dogs.age
FROM dogs
INNER JOIN sled_teams ON dogs.id = sled_teams.id;


SELECT Orders.OrderID, Customers.CustomerName
FROM Orders
INNER JOIN Customers ON Orders.CustomerID = Customers.CustomerID;


sqlite> SELECT dogs.name, dogs.age FROM dogs INNER JOIN sled_teams ON dogs.id = sled_teams.id;
Nala|5
Jimbo|10


sqlite> SELECT dogs.age, dogs.name, dogs.spayed_neutered, dogs.team_id FROM dogs FULL OUTER JOIN sled_teams ON dogs.id = sled_teams.id
   ...> ;
Error: RIGHT and FULL OUTER JOINs are not currently supported


sqlite> SELECT dogs.age, dogs.name, dogs.spayed_neutered, dogs.team_id FROM dogs LEFT JOIN sled_teams ON dogs.id = sled_teams.id;
5|Nala|true|1
10|Jimbo|true|2